// Jest Snapshot v1, https://goo.gl/fbAQLP

exports[`App component Matches snapshot 1`] = `
<div>
  <div
    class="appContainer"
  >
    <header>
      <div
        class="container"
      >
        <h1>
          <div
            class="finca"
          >
            Finca Agroecológica
          </div>
           
          <div
            class="venancia"
          >
            “La Venancia”
          </div>
        </h1>
        <nav>
          <a
            class="homeLink currentTab"
            href="#/"
            title="Inicio"
          >
            <svg
              aria-hidden="true"
              class="svg-inline--fa fa-house-chimney "
              data-icon="house-chimney"
              data-prefix="fas"
              focusable="false"
              role="img"
              viewBox="0 0 576 512"
              xmlns="http://www.w3.org/2000/svg"
            >
              <path
                d="M543.8 287.6c17 0 32-14 32-32.1c1-9-3-17-11-24L512 185V64c0-17.7-14.3-32-32-32H448c-17.7 0-32 14.3-32 32v36.7L309.5 7c-6-5-14-7-21-7s-15 1-22 8L10 231.5c-7 7-10 15-10 24c0 18 14 32.1 32 32.1h32v69.7c-.1 .9-.1 1.8-.1 2.8V472c0 22.1 17.9 40 40 40h16c1.2 0 2.4-.1 3.6-.2c1.5 .1 3 .2 4.5 .2H160h24c22.1 0 40-17.9 40-40V448 384c0-17.7 14.3-32 32-32h64c17.7 0 32 14.3 32 32v64 24c0 22.1 17.9 40 40 40h24 32.5c1.4 0 2.8 0 4.2-.1c1.1 .1 2.2 .1 3.3 .1h16c22.1 0 40-17.9 40-40V455.8c.3-2.6 .5-5.3 .5-8.1l-.7-160.2h32z"
                fill="currentColor"
              />
            </svg>
          </a>
          <a
            class="catalogLink"
            href="#/catalog"
            title="Catálogo"
          >
            <svg
              aria-hidden="true"
              class="svg-inline--fa fa-bottle-droplet "
              data-icon="bottle-droplet"
              data-prefix="fas"
              focusable="false"
              role="img"
              viewBox="0 0 320 512"
              xmlns="http://www.w3.org/2000/svg"
            >
              <path
                d="M96 0C82.7 0 72 10.7 72 24s10.7 24 24 24c4.4 0 8 3.6 8 8v64.9c0 12.2-7.2 23.1-17.2 30.1C53.7 174.1 32 212.5 32 256V448c0 35.3 28.7 64 64 64H224c35.3 0 64-28.7 64-64V256c0-43.5-21.7-81.9-54.8-105c-10-7-17.2-17.9-17.2-30.1V56c0-4.4 3.6-8 8-8c13.3 0 24-10.7 24-24s-10.7-24-24-24l-8 0 0 0 0 0H104l0 0 0 0L96 0zm64 382c-26.5 0-48-20.1-48-45c0-16.8 22.1-48.1 36.3-66.4c6-7.8 17.5-7.8 23.5 0C185.9 288.9 208 320.2 208 337c0 24.9-21.5 45-48 45z"
                fill="currentColor"
              />
            </svg>
            <svg
              aria-hidden="true"
              class="svg-inline--fa fa-brain "
              data-icon="brain"
              data-prefix="fas"
              focusable="false"
              role="img"
              viewBox="0 0 512 512"
              xmlns="http://www.w3.org/2000/svg"
            >
              <path
                d="M184 0c30.9 0 56 25.1 56 56V456c0 30.9-25.1 56-56 56c-28.9 0-52.7-21.9-55.7-50.1c-5.2 1.4-10.7 2.1-16.3 2.1c-35.3 0-64-28.7-64-64c0-7.4 1.3-14.6 3.6-21.2C21.4 367.4 0 338.2 0 304c0-31.9 18.7-59.5 45.8-72.3C37.1 220.8 32 207 32 192c0-30.7 21.6-56.3 50.4-62.6C80.8 123.9 80 118 80 112c0-29.9 20.6-55.1 48.3-62.1C131.3 21.9 155.1 0 184 0zM328 0c28.9 0 52.6 21.9 55.7 49.9c27.8 7 48.3 32.1 48.3 62.1c0 6-.8 11.9-2.4 17.4c28.8 6.2 50.4 31.9 50.4 62.6c0 15-5.1 28.8-13.8 39.7C493.3 244.5 512 272.1 512 304c0 34.2-21.4 63.4-51.6 74.8c2.3 6.6 3.6 13.8 3.6 21.2c0 35.3-28.7 64-64 64c-5.6 0-11.1-.7-16.3-2.1c-3 28.2-26.8 50.1-55.7 50.1c-30.9 0-56-25.1-56-56V56c0-30.9 25.1-56 56-56z"
                fill="currentColor"
              />
            </svg>
            <svg
              aria-hidden="true"
              class="svg-inline--fa fa-jar "
              data-icon="jar"
              data-prefix="fas"
              focusable="false"
              role="img"
              viewBox="0 0 320 512"
              xmlns="http://www.w3.org/2000/svg"
            >
              <path
                d="M32 32C32 14.3 46.3 0 64 0H256c17.7 0 32 14.3 32 32s-14.3 32-32 32H64C46.3 64 32 49.7 32 32zM0 160c0-35.3 28.7-64 64-64H256c35.3 0 64 28.7 64 64V448c0 35.3-28.7 64-64 64H64c-35.3 0-64-28.7-64-64V160zm96 64c-17.7 0-32 14.3-32 32v96c0 17.7 14.3 32 32 32H224c17.7 0 32-14.3 32-32V256c0-17.7-14.3-32-32-32H96z"
                fill="currentColor"
              />
            </svg>
          </a>
          <a
            class="cartLink"
            href="#/cart"
            title="Carrito"
          >
            <svg
              aria-hidden="true"
              class="svg-inline--fa fa-basket-shopping "
              data-icon="basket-shopping"
              data-prefix="fas"
              focusable="false"
              role="img"
              viewBox="0 0 576 512"
              xmlns="http://www.w3.org/2000/svg"
            >
              <path
                d="M253.3 35.1c6.1-11.8 1.5-26.3-10.2-32.4s-26.3-1.5-32.4 10.2L117.6 192H32c-17.7 0-32 14.3-32 32s14.3 32 32 32L83.9 463.5C91 492 116.6 512 146 512H430c29.4 0 55-20 62.1-48.5L544 256c17.7 0 32-14.3 32-32s-14.3-32-32-32H458.4L365.3 12.9C359.2 1.2 344.7-3.4 332.9 2.7s-16.3 20.6-10.2 32.4L404.3 192H171.7L253.3 35.1zM192 304v96c0 8.8-7.2 16-16 16s-16-7.2-16-16V304c0-8.8 7.2-16 16-16s16 7.2 16 16zm96-16c8.8 0 16 7.2 16 16v96c0 8.8-7.2 16-16 16s-16-7.2-16-16V304c0-8.8 7.2-16 16-16zm128 16v96c0 8.8-7.2 16-16 16s-16-7.2-16-16V304c0-8.8 7.2-16 16-16s16 7.2 16 16z"
                fill="currentColor"
              />
            </svg>
          </a>
        </nav>
      </div>
    </header>
    <main
      class="home"
    >
      <div
        class="homeContainer"
      >
        <div
          class="pImgCont"
        >
          <div
            class="imgContainer"
          >
            <img
              alt="Olivos por Van Gogh"
              src="101_1221.JPG"
            />
          </div>
          <p>
                
            La Venancia esta ubicada en el pueblo de Santa Vera Cruz, al norte del departamento Castro Barros.
          </p>
        </div>
        <div
          class="pImgCont"
        >
          <p>
                
            Compuesta de un hermoso y viejo olivar de 160 olivos en convivencia con una gran diversidad de otros frutales como nogales, vid, duraznos, damascos, membrillos, higueras, todo conviviendo en armonía con el monte nativo.
          </p>
          <div
            class="imgContainer"
          >
            <img
              alt="Olivos por Van Gogh"
              src="101_1215.JPG"
            />
          </div>
        </div>
        <div
          class="pImgCont"
        >
          <div
            class="imgContainer"
          >
            <img
              alt="Olivos por Van Gogh"
              src="101_0518.JPG"
            />
          </div>
          <p>
                
            Hay también muchas aromaticas y tenemos espacios para huerta.
          </p>
        </div>
      </div>
      <a
        class="catalogButton"
        href="#/catalog"
      >
        <svg
          aria-hidden="true"
          class="svg-inline--fa fa-bottle-droplet "
          data-icon="bottle-droplet"
          data-prefix="fas"
          focusable="false"
          role="img"
          viewBox="0 0 320 512"
          xmlns="http://www.w3.org/2000/svg"
        >
          <path
            d="M96 0C82.7 0 72 10.7 72 24s10.7 24 24 24c4.4 0 8 3.6 8 8v64.9c0 12.2-7.2 23.1-17.2 30.1C53.7 174.1 32 212.5 32 256V448c0 35.3 28.7 64 64 64H224c35.3 0 64-28.7 64-64V256c0-43.5-21.7-81.9-54.8-105c-10-7-17.2-17.9-17.2-30.1V56c0-4.4 3.6-8 8-8c13.3 0 24-10.7 24-24s-10.7-24-24-24l-8 0 0 0 0 0H104l0 0 0 0L96 0zm64 382c-26.5 0-48-20.1-48-45c0-16.8 22.1-48.1 36.3-66.4c6-7.8 17.5-7.8 23.5 0C185.9 288.9 208 320.2 208 337c0 24.9-21.5 45-48 45z"
            fill="currentColor"
          />
        </svg>
        <svg
          aria-hidden="true"
          class="svg-inline--fa fa-brain "
          data-icon="brain"
          data-prefix="fas"
          focusable="false"
          role="img"
          viewBox="0 0 512 512"
          xmlns="http://www.w3.org/2000/svg"
        >
          <path
            d="M184 0c30.9 0 56 25.1 56 56V456c0 30.9-25.1 56-56 56c-28.9 0-52.7-21.9-55.7-50.1c-5.2 1.4-10.7 2.1-16.3 2.1c-35.3 0-64-28.7-64-64c0-7.4 1.3-14.6 3.6-21.2C21.4 367.4 0 338.2 0 304c0-31.9 18.7-59.5 45.8-72.3C37.1 220.8 32 207 32 192c0-30.7 21.6-56.3 50.4-62.6C80.8 123.9 80 118 80 112c0-29.9 20.6-55.1 48.3-62.1C131.3 21.9 155.1 0 184 0zM328 0c28.9 0 52.6 21.9 55.7 49.9c27.8 7 48.3 32.1 48.3 62.1c0 6-.8 11.9-2.4 17.4c28.8 6.2 50.4 31.9 50.4 62.6c0 15-5.1 28.8-13.8 39.7C493.3 244.5 512 272.1 512 304c0 34.2-21.4 63.4-51.6 74.8c2.3 6.6 3.6 13.8 3.6 21.2c0 35.3-28.7 64-64 64c-5.6 0-11.1-.7-16.3-2.1c-3 28.2-26.8 50.1-55.7 50.1c-30.9 0-56-25.1-56-56V56c0-30.9 25.1-56 56-56z"
            fill="currentColor"
          />
        </svg>
        <svg
          aria-hidden="true"
          class="svg-inline--fa fa-jar "
          data-icon="jar"
          data-prefix="fas"
          focusable="false"
          role="img"
          viewBox="0 0 320 512"
          xmlns="http://www.w3.org/2000/svg"
        >
          <path
            d="M32 32C32 14.3 46.3 0 64 0H256c17.7 0 32 14.3 32 32s-14.3 32-32 32H64C46.3 64 32 49.7 32 32zM0 160c0-35.3 28.7-64 64-64H256c35.3 0 64 28.7 64 64V448c0 35.3-28.7 64-64 64H64c-35.3 0-64-28.7-64-64V160zm96 64c-17.7 0-32 14.3-32 32v96c0 17.7 14.3 32 32 32H224c17.7 0 32-14.3 32-32V256c0-17.7-14.3-32-32-32H96z"
            fill="currentColor"
          />
        </svg>
         Catálogo de Productos
      </a>
    </main>
    <footer>
      <a
        class="sedbastian"
        href="https://github.com/Sedbastian"
      >
        Sedbastian
      </a>
      <a
        class="github"
        href="https://github.com/Sedbastian/shopping-cart"
        title="githubRepo"
      >
        <svg
          viewBox="0 0 496 512"
          xmlns="http://www.w3.org/2000/svg"
        >
          <path
            d="M165.9 397.4c0 2-2.3 3.6-5.2 3.6-3.3.3-5.6-1.3-5.6-3.6 0-2 2.3-3.6 5.2-3.6 3-.3 5.6 1.3 5.6 3.6zm-31.1-4.5c-.7 2 1.3 4.3 4.3 4.9 2.6 1 5.6 0 6.2-2s-1.3-4.3-4.3-5.2c-2.6-.7-5.5.3-6.2 2.3zm44.2-1.7c-2.9.7-4.9 2.6-4.6 4.9.3 2 2.9 3.3 5.9 2.6 2.9-.7 4.9-2.6 4.6-4.6-.3-1.9-3-3.2-5.9-2.9zM244.8 8C106.1 8 0 113.3 0 252c0 110.9 69.8 205.8 169.5 239.2 12.8 2.3 17.3-5.6 17.3-12.1 0-6.2-.3-40.4-.3-61.4 0 0-70 15-84.7-29.8 0 0-11.4-29.1-27.8-36.6 0 0-22.9-15.7 1.6-15.4 0 0 24.9 2 38.6 25.8 21.9 38.6 58.6 27.5 72.9 20.9 2.3-16 8.8-27.1 16-33.7-55.9-6.2-112.3-14.3-112.3-110.5 0-27.5 7.6-41.3 23.6-58.9-2.6-6.5-11.1-33.3 2.6-67.9 20.9-6.5 69 27 69 27 20-5.6 41.5-8.5 62.8-8.5s42.8 2.9 62.8 8.5c0 0 48.1-33.6 69-27 13.7 34.7 5.2 61.4 2.6 67.9 16 17.7 25.8 31.5 25.8 58.9 0 96.5-58.9 104.2-114.8 110.5 9.2 7.9 17 22.9 17 46.4 0 33.7-.3 75.4-.3 83.6 0 6.5 4.6 14.4 17.3 12.1C428.2 457.8 496 362.9 496 252 496 113.3 383.5 8 244.8 8zM97.2 352.9c-1.3 1-1 3.3.7 5.2 1.6 1.6 3.9 2.3 5.2 1 1.3-1 1-3.3-.7-5.2-1.6-1.6-3.9-2.3-5.2-1zm-10.8-8.1c-.7 1.3.3 2.9 2.3 3.9 1.6 1 3.6.7 4.3-.7.7-1.3-.3-2.9-2.3-3.9-2-.6-3.6-.3-4.3.7zm32.4 35.6c-1.6 1.3-1 4.3 1.3 6.2 2.3 2.3 5.2 2.6 6.5 1 1.3-1.3.7-4.3-1.3-6.2-2.2-2.3-5.2-2.6-6.5-1zm-11.4-14.7c-1.6 1-1.6 3.6 0 5.9 1.6 2.3 4.3 3.3 5.6 2.3 1.6-1.3 1.6-3.9 0-6.2-1.4-2.3-4-3.3-5.6-2z"
            fill="currentColor"
          />
        </svg>
      </a>
      <div
        class="year"
      >
        2023
      </div>
    </footer>
  </div>
</div>
`;
